OpenROAD 26Q2-892-g5cee43de60 
Features included (+) or not (-): +GPU +GUI +Python
This program is licensed under the BSD-3 license. See the LICENSE file for details.
Components of this program may be licensed under more restrictive licenses which must be honored.
[INFO ORD-0030] Using 12 thread(s).
read_liberty /home/rj/eSim/OpenROAD-flow-scripts/flow/platforms/sky130hd/lib/sky130_fd_sc_hd__tt_025C_1v80.lib
read_db ./results/sky130hd/FullAdder/base/3_4_place_resized.odb
read_sdc ./results/sky130hd/FullAdder/base/2_floorplan.sdc
source /home/rj/eSim/OpenROAD-flow-scripts/flow/platforms/sky130hd/setRC.tcl
detailed_placement
[INFO DPL-0006] Core area: 25181.65 um^2, Instances area: 482.96 um^2, Utilization: 1.9%
[INFO DPL-0005] Diamond search max displacement: +/- 500 sites horizontally, +/- 100 rows vertically.
[INFO DPL-1101] Legalizing using diamond search.
Movements Summary
---------------------------------------
Total cells:                       6
Diamond Move Success:              6 (100.00%)
Diamond Move Failure:              0
Rip-up and replace Success:        0 (  0.00% of diamond failures)
Rip-up and replace Failure:        0
Total Placement Failures:          0
---------------------------------------
Placement Analysis
---------------------------------
total displacement         20.2 u
average displacement        0.1 u
max displacement            5.3 u
original HPWL             281.1 u
legalized HPWL            296.8 u
delta HPWL                    6 %

improve_placement -max_displacement "5 1"
Detailed placement improvement.
[INFO DPL-0401] Setting random seed to 1.
[INFO DPL-0402] Setting maximum displacement 5 1 to 13600 2720 units.
[INFO DPL-0320] Collected 335 fixed cells.
[INFO DPL-0318] Collected 6 single height cells.
[INFO DPL-0321] Collected 0 wide cells.
[INFO DPL-0322] Image (20240, 21760) - (179860, 179520)
[INFO DPL-0310] Assigned 6 cells into segments.  Movement in X-direction is 0.000000, movement in Y-direction is 0.000000.
[INFO DPL-0313] Found 0 cells in wrong regions.
[INFO DPL-0315] Found 0 row alignment problems.
[INFO DPL-0314] Found 0 site alignment problems.
[INFO DPL-0311] Found 0 overlaps between adjacent cells.
[INFO DPL-0312] Found 0 edge spacing violations and 0 padding violations.
[INFO DPL-0303] Running algorithm for independent set matching.
[INFO DPL-0300] Set matching objective is wirelength.
[INFO DPL-0301] Pass   1 of matching; objective is 2.964200e+05.
[INFO DPL-0302] End of matching; objective is 2.960780e+05, improvement is 0.12 percent.
[INFO DPL-0303] Running algorithm for global swaps.
[INFO DPL-0306] Pass   1 of global swaps; hpwl is 2.869100e+05.
[INFO DPL-0306] Pass   2 of global swaps; hpwl is 2.869100e+05.
[INFO DPL-0307] End of global swaps; objective is 2.869100e+05, improvement is 3.10 percent.
[INFO DPL-0303] Running algorithm for vertical swaps.
[INFO DPL-0308] Pass   1 of vertical swaps; hpwl is 2.869100e+05.
[INFO DPL-0309] End of vertical swaps; objective is 2.869100e+05, improvement is 0.00 percent.
[INFO DPL-0303] Running algorithm for reordering.
[INFO DPL-0304] Pass   1 of reordering; objective is 2.869100e+05.
[INFO DPL-0305] End of reordering; objective is 2.869100e+05, improvement is 0.00 percent.
[INFO DPL-0303] Running algorithm for random improvement.
[INFO DPL-0324] Random improver is using random generator.
[INFO DPL-0325] Random improver is using hpwl objective.
[INFO DPL-0326] Random improver cost string is (a).
[INFO DPL-0332] End of pass, Generator random called 120 times.
[INFO DPL-0335] Generator random, Cumulative attempts 120, swaps 7, moves    49 since last reset.
[INFO DPL-0333] End of pass, Objective hpwl, Initial cost 2.869100e+05, Scratch cost 2.865540e+05, Incremental cost 2.865540e+05, Mismatch? N
[INFO DPL-0338] End of pass, Total cost is 2.865540e+05.
[INFO DPL-0327] Pass   1 of random improver; improvement in cost is 0.12 percent.
[INFO DPL-0328] End of random improver; improvement is 0.124081 percent.
[INFO DPL-0380] Cell flipping.
[INFO DPL-0382] Changed 0 cell orientations for row compatibility.
[INFO DPL-0383] Performed 2 cell flips.
[INFO DPL-0384] End of flipping; objective is 2.864660e+05, improvement is 0.03 percent.
[INFO DPL-0313] Found 0 cells in wrong regions.
[INFO DPL-0315] Found 0 row alignment problems.
[INFO DPL-0314] Found 0 site alignment problems.
[INFO DPL-0311] Found 0 overlaps between adjacent cells.
[INFO DPL-0312] Found 0 edge spacing violations and 0 padding violations.
Detailed Improvement Results
------------------------------------------
Original HPWL              296.8 u (     270.9,       25.9)
Final HPWL                 287.6 u (     263.7,       23.9)
Delta HPWL                  -3.1 % (      -2.6,       -7.7)

optimize_mirroring
[INFO FLW-0012] Placement violations .
estimate_parasitics -placement
Report metrics stage 3, detailed place...
No registers in design

==========================================================================
detailed place report_design_area
--------------------------------------------------------------------------
Design area 483 um^2 2% utilization.
write_db ./results/sky130hd/FullAdder/base/3_5_place_dp.odb
Elapsed time: 0:00.35[h:]min:sec. CPU time: user 0.31 sys 0.04 (100%). Peak memory: 115440KB.
Log                        Elapsed/s Peak Memory/MB  sha1sum .odb [0:20)
3_5_place_dp                       0            112 896ae228ffa0b3e58ea0
