OpenROAD 26Q2-892-g5cee43de60 
Features included (+) or not (-): +GPU +GUI +Python
This program is licensed under the BSD-3 license. See the LICENSE file for details.
Components of this program may be licensed under more restrictive licenses which must be honored.
[INFO ORD-0030] Using 12 thread(s).
read_liberty /home/rj/eSim/OpenROAD-flow-scripts/flow/platforms/sky130hd/lib/sky130_fd_sc_hd__tt_025C_1v80.lib
read_db ./results/sky130hd/FullAdder/base/6_1_fill.odb
read_sdc ./results/sky130hd/FullAdder/base/6_1_fill.sdc
source /home/rj/eSim/OpenROAD-flow-scripts/flow/platforms/sky130hd/setRC.tcl
[WARNING STA-0450] virtual clock clk can not be propagated.
write_db ./results/sky130hd/FullAdder/base/6_final.odb
Deleted 0 routing obstructions
Warning: master sky130_ef_sc_hd__decap_12 has signal pins but no liberty cell
[INFO RCX-0431] Defined process_corner X with ext_model_index 0
[INFO RCX-0029] Defined extraction corner X
[INFO RCX-0435] Reading extraction model file /home/rj/eSim/OpenROAD-flow-scripts/flow/platforms/sky130hd/rcx_patterns.rules ...
[INFO RCX-0436] RC segment generation FullAdder (max_merge_res 50.0) ...
[INFO RCX-0040] Final 13 rc segments
[INFO RCX-0439] Coupling Cap extraction FullAdder ...
[INFO RCX-0440] Coupling threshhold is 0.1000 fF, coupling capacitance less than 0.1000 fF will be grounded.
[INFO RCX-0442] 97% of 758 wires extracted
[INFO RCX-0442] 100% of 758 wires extracted
[INFO RCX-0045] Extract 10 nets, 23 rsegs, 23 caps, 8 ccs
[INFO RCX-0443] 10 nets finished
[INFO PSM-0040] All shapes on net VDD are connected.
########## IR report #################
Net              : VDD
Corner           : default
Total power      : 4.69e-06 W
Supply voltage   : 1.80e+00 V
Worstcase voltage: 1.80e+00 V
Average voltage  : 1.80e+00 V
Average IR drop  : 6.93e-08 V
Worstcase IR drop: 9.64e-06 V
Percentage drop  : 0.00 %
######################################
[INFO PSM-0040] All shapes on net VSS are connected.
########## IR report #################
Net              : VSS
Corner           : default
Total power      : 4.69e-06 W
Supply voltage   : 0.00e+00 V
Worstcase voltage: 4.66e-06 V
Average voltage  : 4.12e-08 V
Average IR drop  : 4.12e-08 V
Worstcase IR drop: 4.66e-06 V
Percentage drop  : 0.00 %
######################################
Cell type report:                       Count       Area
  Fill cell                              2995   24698.69
  Tap cell                                330     412.90
  Timing Repair Buffer                      5      50.05
  Multi-Input combinational cell            1      20.02
  Total                                  3331   25181.65
Report metrics stage 6, finish...
No registers in design

==========================================================================
finish report_design_area
--------------------------------------------------------------------------
Design area 483 um^2 2% utilization.
[WARNING GUI-0066] Heat map "IR Drop" has not been populated with data.
[WARNING GUI-0066] Heat map "Routing Congestion" has not been populated with data.
Elapsed time: 0:01.45[h:]min:sec. CPU time: user 1.35 sys 0.15 (103%). Peak memory: 221932KB.
Log                        Elapsed/s Peak Memory/MB  sha1sum .odb [0:20)
6_report                           1            216                  N/A
