
==========================================================================
floorplan final report_tns
--------------------------------------------------------------------------
tns max 0.00

==========================================================================
floorplan final report_wns
--------------------------------------------------------------------------
wns max 0.00

==========================================================================
floorplan final report_worst_slack
--------------------------------------------------------------------------
worst slack max INF

==========================================================================
floorplan final report_clock_min_period
--------------------------------------------------------------------------
clk period_min = 0.00 fmax = inf

==========================================================================
floorplan final report_checks -path_delay min
--------------------------------------------------------------------------
No paths found.

==========================================================================
floorplan final report_checks -path_delay max
--------------------------------------------------------------------------
No paths found.

==========================================================================
floorplan final report_checks -unconstrained
--------------------------------------------------------------------------
Startpoint: in1 (input port)
Endpoint: sum (output port)
Path Group: unconstrained
Path Type: max

Fanout     Cap    Slew   Delay    Time   Description
-----------------------------------------------------------------------------
                          0.10    0.10 v input external delay
     1    0.00    0.00    0.00    0.10 v in1 (in)
                                         in1 (net)
                  0.00    0.00    0.10 v input2/A (sky130_fd_sc_hd__clkdlybuf4s50_1)
     1    0.01    0.08    0.43    0.53 v input2/X (sky130_fd_sc_hd__clkdlybuf4s50_1)
                                         net2 (net)
                  0.08    0.00    0.53 v _0_/A (sky130_fd_sc_hd__fa_1)
     1    0.00    0.05    0.53    1.06 ^ _0_/SUM (sky130_fd_sc_hd__fa_1)
                                         net5 (net)
                  0.05    0.00    1.06 ^ output5/A (sky130_fd_sc_hd__clkdlybuf4s50_1)
     1    0.00    0.02    0.44    1.50 ^ output5/X (sky130_fd_sc_hd__clkdlybuf4s50_1)
                                         sum (net)
                  0.02    0.00    1.50 ^ sum (out)
                                  1.50   data arrival time
-----------------------------------------------------------------------------
(Path is unconstrained)



==========================================================================
floorplan final report_power
--------------------------------------------------------------------------
Group                  Internal  Switching    Leakage      Total
                          Power      Power      Power      Power (Watts)
----------------------------------------------------------------
Sequential             0.00e+00   0.00e+00   0.00e+00   0.00e+00   0.0%
Combinational          2.68e-06   4.53e-07   2.69e-11   3.13e-06 100.0%
Clock                  0.00e+00   0.00e+00   0.00e+00   0.00e+00   0.0%
Macro                  0.00e+00   0.00e+00   0.00e+00   0.00e+00   0.0%
Pad                    0.00e+00   0.00e+00   0.00e+00   0.00e+00   0.0%
----------------------------------------------------------------
Total                  2.68e-06   4.53e-07   2.69e-11   3.13e-06 100.0%
                          85.5%      14.5%       0.0%
