OpenROAD 26Q2-892-g5cee43de60 
Features included (+) or not (-): +GPU +GUI +Python
This program is licensed under the BSD-3 license. See the LICENSE file for details.
Components of this program may be licensed under more restrictive licenses which must be honored.
[INFO ORD-0030] Using 12 thread(s).
read_liberty /home/rj/eSim/OpenROAD-flow-scripts/flow/platforms/sky130hd/lib/sky130_fd_sc_hd__tt_025C_1v80.lib
read_db ./results/sky130hd/Half_Adder/base/3_3_place_gp.odb
read_sdc ./results/sky130hd/Half_Adder/base/2_floorplan.sdc
source /home/rj/eSim/OpenROAD-flow-scripts/flow/platforms/sky130hd/setRC.tcl
estimate_parasitics -placement
Perform buffer insertion and gate resizing...
repair_design -verbose -match_cell_footprint
Iteration |   Area    | Resized | Buffers | Nets repaired | Remaining
---------------------------------------------------------------------
        0 |     +0.0% |       0 |       0 |             0 |         8
    final |     +0.0% |       0 |       0 |             0 |         0
---------------------------------------------------------------------
Floating nets: 
Report metrics stage 3, resizer...
No registers in design

==========================================================================
resizer report_design_area
--------------------------------------------------------------------------
Design area 465 um^2 2% utilization.
Instance count before 335, after 335
Pin count before 12, after 12
write_db ./results/sky130hd/Half_Adder/base/3_4_place_resized.odb
Elapsed time: 0:00.39[h:]min:sec. CPU time: user 0.33 sys 0.07 (100%). Peak memory: 132744KB.
Log                        Elapsed/s Peak Memory/MB  sha1sum .odb [0:20)
3_4_place_resized                  0            129 4d4ce3913acf1c6ff2bd
