Yosys 0.67+ (git sha1 b88b73a99, Release, GNU /usr/bin/c++ 11.4.0) [github.com/The-OpenROAD-Project/yosys at HEAD]
Using ABC speed script.
Extracting clock period from SDC file: ./results/sky130hd/Half_Adder/base/clock_period.txt
Setting clock period to 10
1. Executing Liberty frontend: /home/rj/Work/vlsi/tools/OpenROAD-flow-scripts/flow/platforms/sky130hd/lib/sky130_fd_sc_hd__tt_025C_1v80.lib
2. Executing Liberty frontend: /home/rj/Work/vlsi/tools/OpenROAD-flow-scripts/flow/platforms/sky130hd/lib/sky130_fd_sc_hd__tt_025C_1v80.lib
3. Executing Verilog-2005 frontend: designs/sky130hd/Half_Adder/src/Half_Adder.v
4. Executing Verilog-2005 frontend: /home/rj/Work/vlsi/tools/OpenROAD-flow-scripts/flow/platforms/sky130hd/cells_clkgate_hd.v
5. Executing HIERARCHY pass (managing design hierarchy).
6. Executing AST frontend in derive mode using pre-parsed AST for module `\Half_Adder'.
6.1. Analyzing design hierarchy..
6.2. Analyzing design hierarchy..
7. Executing OPT_CLEAN pass (remove unused cells and wires).
8. Executing RTLIL backend.
End of script. Logfile hash: 004c6f6544, time: 0.17s, user: 0.11s, system: 0.04s, MEM: 55.75 MB peak
Yosys 0.67+ (git sha1 b88b73a99, Release, GNU /usr/bin/c++ 11.4.0) [github.com/The-OpenROAD-Project/yosys at HEAD]
Time spent: 81% 4x read_liberty (0 sec), 6% 4x read_verilog (0 sec), ...
Elapsed time: 0:00.18[h:]min:sec. CPU time: user 0.13 sys 0.05 (99%). Peak memory: 59776KB.
Log                       Ext     Elapsed/s Peak Memory/MB sha1sum result [0:20)
1_1_yosys_canonicalize    .rtlil          0             58 6d9d6809548afb12b6bf
