OpenROAD 26Q3-528-g20d2d5c16e 
Features included (+) or not (-): +GPU +GUI +Python
This program is licensed under the BSD-3 license. See the LICENSE file for details.
Components of this program may be licensed under more restrictive licenses which must be honored.
[INFO ORD-0030] Using 8 thread(s).
read_liberty /home/rj/Work/vlsi/tools/OpenROAD-flow-scripts/flow/platforms/sky130hd/lib/sky130_fd_sc_hd__tt_025C_1v80.lib
read_db ./results/sky130hd/Half_Adder/base/3_3_place_gp.odb
read_sdc ./results/sky130hd/Half_Adder/base/2_floorplan.sdc
source /home/rj/Work/vlsi/tools/OpenROAD-flow-scripts/flow/platforms/sky130hd/setRC.tcl
estimate_parasitics -placement
Perform buffer insertion and gate resizing...
repair_design -verbose -match_cell_footprint
Iteration |   Area    | Resized | Buffers | Nets repaired | Remaining
---------------------------------------------------------------------
        0 |     +0.0% |       0 |       0 |             0 |         8
    final |     +0.0% |       0 |       0 |             0 |         0
---------------------------------------------------------------------
[INFO RSZ-0504] Runtime: 0.00s
Floating nets: 
Report metrics stage 3, resizer...
No registers in design

==========================================================================
resizer report_design_area
--------------------------------------------------------------------------
Design area 465 um^2 2% utilization.
Instance count before 335, after 335
Pin count before 12, after 12
write_db ./results/sky130hd/Half_Adder/base/3_4_place_resized.odb
Elapsed time: 0:00.45[h:]min:sec. CPU time: user 0.34 sys 0.12 (100%). Peak memory: 140916KB.
Log                       Ext     Elapsed/s Peak Memory/MB sha1sum result [0:20)
3_4_place_resized         .odb            0            137 68fe37d20230750f560a
