OpenROAD 26Q3-528-g20d2d5c16e 
Features included (+) or not (-): +GPU +GUI +Python
This program is licensed under the BSD-3 license. See the LICENSE file for details.
Components of this program may be licensed under more restrictive licenses which must be honored.
[INFO ORD-0030] Using 8 thread(s).
read_liberty /home/rj/Work/vlsi/tools/OpenROAD-flow-scripts/flow/platforms/sky130hd/lib/sky130_fd_sc_hd__tt_025C_1v80.lib
read_db ./results/sky130hd/Half_Adder/base/6_1_fill.odb
read_sdc ./results/sky130hd/Half_Adder/base/6_1_fill.sdc
source /home/rj/Work/vlsi/tools/OpenROAD-flow-scripts/flow/platforms/sky130hd/setRC.tcl
[WARNING STA-0450] virtual clock clk can not be propagated.
write_db ./results/sky130hd/Half_Adder/base/6_final.odb
write_sdc -no_timestamp ./results/sky130hd/Half_Adder/base/6_final.sdc
Deleted 0 routing obstructions
Warning: master sky130_ef_sc_hd__decap_12 has signal pins but no liberty cell
[INFO RCX-0431] Defined process_corner X with ext_model_index 0
[INFO RCX-0029] Defined extraction corner X
[WARNING RCX-0514] The ext_model_file option is deprecated. Use set_extraction_rules_file command instead.
[INFO RCX-0435] Reading extraction model file /home/rj/Work/vlsi/tools/OpenROAD-flow-scripts/flow/platforms/sky130hd/rcx_patterns.rules ...
[INFO RCX-0436] RC segment generation Half_Adder (max_merge_res 50.0) ...
[INFO RCX-0040] Final 10 rc segments
[INFO RCX-0439] Coupling Cap extraction Half_Adder ...
[INFO RCX-0440] Coupling threshhold is 0.1000 fF, coupling capacitance less than 0.1000 fF will be grounded.
[INFO RCX-0442] 97% of 750 wires extracted
[INFO RCX-0442] 100% of 750 wires extracted
[INFO RCX-0045] Extract 8 nets, 18 rsegs, 18 caps, 5 ccs
[INFO RCX-0443] 8 nets finished
[INFO PSM-0040] All shapes on net VDD are connected.
########## IR report #################
Net              : VDD
Corner           : default
Total power      : 2.74e-06 W
Supply voltage   : 1.80e+00 V
Worstcase voltage: 1.80e+00 V
Average voltage  : 1.80e+00 V
Average IR drop  : 4.41e-08 V
Worstcase IR drop: 6.38e-06 V
Percentage drop  : 0.00 %
######################################
[INFO PSM-0040] All shapes on net VSS are connected.
########## IR report #################
Net              : VSS
Corner           : default
Total power      : 2.74e-06 W
Supply voltage   : 0.00e+00 V
Worstcase voltage: 2.55e-06 V
Average voltage  : 2.32e-08 V
Average IR drop  : 2.32e-08 V
Worstcase IR drop: 2.55e-06 V
Percentage drop  : 0.00 %
######################################
Cell type report:                       Count       Area
  Fill cell                              3003   24716.20
  Tap cell                                330     412.90
  Timing Repair Buffer                      4      40.04
  Multi-Input combinational cell            1      12.51
  Total                                  3338   25181.65
Report metrics stage 6, finish...
No registers in design

==========================================================================
finish report_design_area
--------------------------------------------------------------------------
Design area 465 um^2 2% utilization.
[INFO GUI-0075] Warning: Ignoring XDG_SESSION_TYPE=wayland on Gnome. Use QT_QPA_PLATFORM=wayland to run on Wayland anyway.
[WARNING GUI-0066] Heat map "IR Drop" has not been populated with data.
[WARNING GUI-0066] Heat map "Routing Congestion" has not been populated with data.
Elapsed time: 0:01.61[h:]min:sec. CPU time: user 1.30 sys 0.31 (99%). Peak memory: 258240KB.
Log                       Ext     Elapsed/s Peak Memory/MB sha1sum result [0:20)
6_report                                  1            252                  N/A
