
==========================================================================
resizer report_tns
--------------------------------------------------------------------------
tns max 0.00

==========================================================================
resizer report_wns
--------------------------------------------------------------------------
wns max 0.00

==========================================================================
resizer report_worst_slack
--------------------------------------------------------------------------
worst slack max INF

==========================================================================
resizer report_clock_min_period
--------------------------------------------------------------------------
clk period_min = 0.00 fmax = inf

==========================================================================
resizer report_checks -path_delay min
--------------------------------------------------------------------------
No paths found.

==========================================================================
resizer report_checks -path_delay max
--------------------------------------------------------------------------
No paths found.

==========================================================================
resizer report_checks -unconstrained
--------------------------------------------------------------------------
Startpoint: in1 (input port)
Endpoint: sum (output port)
Path Group: unconstrained
Path Type: max

Fanout     Cap    Slew   Delay    Time   Description
-----------------------------------------------------------------------------
                          0.10    0.10 v input external delay
     1    0.01    0.00    0.00    0.10 v in1 (in)
                                         in1 (net)
                  0.00    0.00    0.10 v input1/A (sky130_fd_sc_hd__clkdlybuf4s50_1)
     1    0.00    0.05    0.40    0.50 v input1/X (sky130_fd_sc_hd__clkdlybuf4s50_1)
                                         net1 (net)
                  0.05    0.00    0.50 v _0_/A (sky130_fd_sc_hd__ha_1)
     1    0.00    0.04    0.27    0.77 ^ _0_/SUM (sky130_fd_sc_hd__ha_1)
                                         net4 (net)
                  0.04    0.00    0.77 ^ output4/A (sky130_fd_sc_hd__clkdlybuf4s50_1)
     1    0.03    0.29    0.65    1.42 ^ output4/X (sky130_fd_sc_hd__clkdlybuf4s50_1)
                                         sum (net)
                  0.29    0.00    1.42 ^ sum (out)
                                  1.42   data arrival time
-----------------------------------------------------------------------------
(Path is unconstrained)



==========================================================================
resizer report_check_types -max_slew -max_cap -max_fanout -violators
--------------------------------------------------------------------------

==========================================================================
resizer max_slew_check_slack
--------------------------------------------------------------------------
1.2072927951812744

==========================================================================
resizer max_slew_check_limit
--------------------------------------------------------------------------
1.4953149557113647

==========================================================================
resizer max_slew_check_slack_limit
--------------------------------------------------------------------------
0.8074

==========================================================================
resizer max_fanout_check_slack
--------------------------------------------------------------------------
1.0000000150474662e+30

==========================================================================
resizer max_fanout_check_limit
--------------------------------------------------------------------------
1.0000000150474662e+30

==========================================================================
resizer max_capacitance_check_slack
--------------------------------------------------------------------------
0.12735174596309662

==========================================================================
resizer max_capacitance_check_limit
--------------------------------------------------------------------------
0.15656499564647675

==========================================================================
resizer max_capacitance_check_slack_limit
--------------------------------------------------------------------------
0.8134

==========================================================================
resizer max_slew_violation_count
--------------------------------------------------------------------------
max slew violation count 0

==========================================================================
resizer max_fanout_violation_count
--------------------------------------------------------------------------
max fanout violation count 0

==========================================================================
resizer max_cap_violation_count
--------------------------------------------------------------------------
max cap violation count 0

==========================================================================
resizer setup_violation_count
--------------------------------------------------------------------------
setup violation count 0

==========================================================================
resizer hold_violation_count
--------------------------------------------------------------------------
hold violation count 0

==========================================================================
resizer critical path delay
--------------------------------------------------------------------------
-1

==========================================================================
resizer critical path slack
--------------------------------------------------------------------------
0

==========================================================================
resizer slack div critical path delay
--------------------------------------------------------------------------
0.000000

==========================================================================
resizer report_power
--------------------------------------------------------------------------
Group                  Internal  Switching    Leakage      Total
                          Power      Power      Power      Power (Watts)
----------------------------------------------------------------
Sequential             0.00e+00   0.00e+00   0.00e+00   0.00e+00   0.0%
Combinational          1.84e-06   1.27e-06   2.32e-11   3.11e-06 100.0%
Clock                  0.00e+00   0.00e+00   0.00e+00   0.00e+00   0.0%
Macro                  0.00e+00   0.00e+00   0.00e+00   0.00e+00   0.0%
Pad                    0.00e+00   0.00e+00   0.00e+00   0.00e+00   0.0%
----------------------------------------------------------------
Total                  1.84e-06   1.27e-06   2.32e-11   3.11e-06 100.0%
                          59.2%      40.7%       0.0%
