[2026-07-31 03:02:28.257] [miter_logger] [info] MiterStrategy::run starting
[2026-07-31 03:02:28.257] [miter_logger] [info] Collecting POs for design 0: FullAdder

[2026-07-31 03:02:28.259] [miter_logger] [info] Collected 3 PIs for design 0

[2026-07-31 03:02:28.259] [miter_logger] [info] Collected 2 POs for design 0

[2026-07-31 03:02:28.259] [miter_logger] [info] design 0 PI summary by model/term (3 total terminals, 3 unique rows):
| Model     | Term | Count |
|-----------|------|-------|
| FullAdder | cin  |     1 |
| FullAdder | in1  |     1 |
| FullAdder | in2  |     1 |

[2026-07-31 03:02:28.259] [miter_logger] [info] design 0 PO summary by model/term (2 total terminals, 2 unique rows):
| Model     | Term | Count |
|-----------|------|-------|
| FullAdder | cout |     1 |
| FullAdder | sum  |     1 |

[2026-07-31 03:02:28.259] [miter_logger] [info] Collecting POs for design 1: FullAdder

[2026-07-31 03:02:28.259] [miter_logger] [info] Collected 3 PIs for design 1

[2026-07-31 03:02:28.259] [miter_logger] [info] Collected 2 POs for design 1

[2026-07-31 03:02:28.259] [miter_logger] [info] design 1 PI summary by model/term (3 total terminals, 3 unique rows):
| Model     | Term | Count |
|-----------|------|-------|
| FullAdder | cin  |     1 |
| FullAdder | in1  |     1 |
| FullAdder | in2  |     1 |

[2026-07-31 03:02:28.259] [miter_logger] [info] design 1 PO summary by model/term (2 total terminals, 2 unique rows):
| Model     | Term | Count |
|-----------|------|-------|
| FullAdder | cout |     1 |
| FullAdder | sum  |     1 |

[2026-07-31 03:02:28.259] [miter_logger] [info] normalizeInputs: starting
[2026-07-31 03:02:28.259] [miter_logger] [info] size of common inputs: 3
[2026-07-31 03:02:28.259] [miter_logger] [info] size of diff0 inputs: 0
[2026-07-31 03:02:28.259] [miter_logger] [info] size of diff1 inputs: 0
[2026-07-31 03:02:28.259] [miter_logger] [info] normalizeOutputs: starting
[2026-07-31 03:02:28.259] [miter_logger] [info] size of common outputs: 2
[2026-07-31 03:02:28.259] [miter_logger] [info] size of diff0 outputs: 0
[2026-07-31 03:02:28.259] [miter_logger] [info] size of diff1 outputs: 0
[2026-07-31 03:02:28.259] [miter_logger] [info] size of PIs in circuit 0: 3
[2026-07-31 03:02:28.259] [miter_logger] [info] size of PIs in circuit 1: 3
[2026-07-31 03:02:28.259] [miter_logger] [info] size of POs in circuit 0: 2
[2026-07-31 03:02:28.259] [miter_logger] [info] size of POs in circuit 1: 2
[2026-07-31 03:02:28.260] [miter_logger] [info] Building miter expression
[2026-07-31 03:02:28.260] [miter_logger] [info] Finished building miter expression
[2026-07-31 03:02:28.260] [miter_logger] [info] SAT solver starting
[2026-07-31 03:02:28.260] [miter_logger] [info] SAT solver finished: UNSAT
[2026-07-31 03:02:28.260] [miter_logger] [info] Circuits are IDENTICAL
