OpenROAD 26Q3-771-g7cfb2105c9 
Features included (+) or not (-): +GPU +GUI +Python
This program is licensed under the BSD-3 license. See the LICENSE file for details.
Components of this program may be licensed under more restrictive licenses which must be honored.
[INFO ORD-0030] Using 8 thread(s).
read_liberty /home/rj/eSim-to-OpenROAD_Design_Flow_Plugin/orfs/OpenROAD-flow-scripts/flow/platforms/sky130hd/lib/sky130_fd_sc_hd__tt_025C_1v80.lib
read_db ./results/sky130hd/FullAdder/base/6_1_fill.odb
read_sdc ./results/sky130hd/FullAdder/base/6_1_fill.sdc
source /home/rj/eSim-to-OpenROAD_Design_Flow_Plugin/orfs/OpenROAD-flow-scripts/flow/platforms/sky130hd/setRC.tcl
[WARNING STA-0450] virtual clock clk can not be propagated.
write_db ./results/sky130hd/FullAdder/base/6_final.odb
write_sdc -no_timestamp ./results/sky130hd/FullAdder/base/6_final.sdc
Deleted 0 routing obstructions
Warning: master sky130_ef_sc_hd__decap_12 has signal pins but no liberty cell
[INFO RCX-0431] Defined process_corner X with ext_model_index 0
[INFO RCX-0029] Defined extraction corner X
[WARNING RCX-0514] The ext_model_file option is deprecated. Use set_extraction_rules_file command instead.
[INFO RCX-0435] Reading extraction model file /home/rj/eSim-to-OpenROAD_Design_Flow_Plugin/orfs/OpenROAD-flow-scripts/flow/platforms/sky130hd/rcx_patterns.rules ...
[INFO RCX-0436] RC segment generation FullAdder (max_merge_res 50.0) ...
[INFO RCX-0040] Final 14 rc segments
[INFO RCX-0439] Coupling Cap extraction FullAdder ...
[INFO RCX-0440] Coupling threshhold is 0.1000 fF, coupling capacitance less than 0.1000 fF will be grounded.
[INFO RCX-0442] 97% of 755 wires extracted
[INFO RCX-0442] 100% of 755 wires extracted
[INFO RCX-0045] Extract 10 nets, 24 rsegs, 24 caps, 8 ccs
[INFO RCX-0443] 10 nets finished
[INFO PSM-0040] All shapes on net VDD are connected.
########## IR report #################
Net              : VDD
Corner           : default
Total power      : 4.95e-06 W
Supply voltage   : 1.80e+00 V
Worstcase voltage: 1.80e+00 V
Average voltage  : 1.80e+00 V
Average IR drop  : 9.06e-08 V
Worstcase IR drop: 1.68e-05 V
Percentage drop  : 0.00 %
######################################
[INFO PSM-0040] All shapes on net VSS are connected.
########## IR report #################
Net              : VSS
Corner           : default
Total power      : 4.95e-06 W
Supply voltage   : 0.00e+00 V
Worstcase voltage: 4.42e-06 V
Average voltage  : 4.25e-08 V
Average IR drop  : 4.25e-08 V
Worstcase IR drop: 4.42e-06 V
Percentage drop  : 0.00 %
######################################
Cell type report:                       Count       Area
  Fill cell                              2998   24698.69
  Tap cell                                330     412.90
  Timing Repair Buffer                      5      50.05
  Multi-Input combinational cell            1      20.02
  Total                                  3334   25181.65
Report metrics stage 6, finish...
No registers in design

==========================================================================
finish report_design_area
--------------------------------------------------------------------------
Design area 483 um^2 2% utilization.
[INFO GUI-0075] Warning: Ignoring XDG_SESSION_TYPE=wayland on Gnome. Use QT_QPA_PLATFORM=wayland to run on Wayland anyway.
[WARNING GUI-0066] Heat map "IR Drop" has not been populated with data.
[WARNING GUI-0066] Heat map "Routing Congestion" has not been populated with data.
Elapsed time: 0:02.06[h:]min:sec. CPU time: user 1.59 sys 0.30 (91%). Peak memory: 263688KB.
Log                       Ext     Elapsed/s Peak Memory/MB sha1sum result [0:20)
6_report                                  2            257                  N/A
